// Jest Snapshot v1, https://goo.gl/fbAQLP

exports[`<IndexPage/> should render correctly. 1`] = `
<Provider
  store={
    Object {
      "dispatch": [Function],
      "getState": [Function],
      "replaceReducer": [Function],
      "subscribe": [Function],
      Symbol(observable): [Function],
    }
  }
>
  <div
    className="mdl-layout__content"
    style={
      Object {
        "display": "flex",
        "justifyContent": "center",
      }
    }
  >
    <div
      className="page-content"
      style={
        Object {
          "maxWidth": "640px",
        }
      }
    >
      <h2>
        Oii, mate!
      </h2>
      <Connect(CommentsList) />
    </div>
  </div>
</Provider>
`;
