// Jest Snapshot v1, https://goo.gl/fbAQLP

exports[`getCommentIds() should return the "comments.commentsById" value. 1`] = `
Array [
  "foo",
  "bar",
]
`;
