// Jest Snapshot v1, https://goo.gl/fbAQLP

exports[`<Button/> should render correctly. 1`] = `
<button
  className="mdl-button mdl-js-button mdl-button--raised mdl-js-ripple-effect mdl-button--accent"
  foo="bar"
>
  Foo children
</button>
`;
